warning: function `replace_file` is never used
  --> ojas-io/src/replace.rs:19:15
   |
19 | pub(crate) fn replace_file(path: &Path, bytes: &[u8]) -> Result<(), IoError> {
   |               ^^^^^^^^^^^^
   |
   = note: `#[warn(dead_code)]` (part of `#[warn(unused)]`) on by default

warning: field `file_len` is never read
   --> ojas-io/src/safetensors.rs:551:5
    |
541 | pub struct SafeTensorsWriter<W: Write> {
    |            ----------------- field in this struct
...
551 |     file_len: u64,
    |     ^^^^^^^^

warning: associated items `new`, `file_len`, and `remaining` are never used
   --> ojas-io/src/safetensors.rs:557:12
    |
555 | impl<W: Write> SafeTensorsWriter<W> {
    | ----------------------------------- associated items in this implementation
556 |     /// Validate the layout and write the header to `out`.
557 |     pub fn new(
    |            ^^^
...
585 |     pub fn file_len(&self) -> u64 {
    |            ^^^^^^^^
...
590 |     pub fn remaining(&self) -> u64 {
    |            ^^^^^^^^^

warning: `ojas-io` (lib) generated 3 warnings
    Finished `release` profile [optimized] target(s) in 0.03s
     Running tests/gpu_parity.rs (/Users/bharath/Code/research/ojas/target/release/deps/gpu_parity-fc630c46e50ddac3)

running 5 tests
test gpu_tiny_adamw_step_is_torchs_update ... grad norm 10.881365, clip 0.04595011
ok
test gpu_tiny_bf16_operands_stay_near_the_fixture ... bf16 operands: loss 5.82425679 vs 5.82468319
embed_tokens.weight: 1.09e-2
layers.0.linear_attn.in_proj_qkv.weight: 1.42e-2
layers.0.linear_attn.in_proj_z.weight: 5.82e-3
layers.0.linear_attn.in_proj_b.weight: 1.24e-2
layers.0.linear_attn.in_proj_a.weight: 1.03e-2
layers.0.linear_attn.out_proj.weight: 7.09e-3
layers.0.linear_attn.conv1d.weight: 1.03e-2
layers.0.linear_attn.A_log: 2.24e-2
layers.0.linear_attn.dt_bias: 2.11e-2
layers.0.linear_attn.norm.weight: 5.30e-3
layers.0.mlp.gate_proj.weight: 5.28e-3
layers.0.mlp.up_proj.weight: 9.94e-3
layers.0.mlp.down_proj.weight: 7.38e-3
layers.0.input_layernorm.weight: 1.68e-2
layers.0.post_attention_layernorm.weight: 1.03e-2
layers.1.self_attn.q_proj.weight: 8.35e-3
layers.1.self_attn.k_proj.weight: 1.04e-2
layers.1.self_attn.v_proj.weight: 5.88e-3
layers.1.self_attn.o_proj.weight: 7.02e-3
layers.1.self_attn.q_norm.weight: 1.67e-2
layers.1.self_attn.k_norm.weight: 2.33e-2
layers.1.mlp.gate_proj.weight: 9.59e-3
layers.1.mlp.up_proj.weight: 6.71e-3
layers.1.mlp.down_proj.weight: 8.49e-3
layers.1.input_layernorm.weight: 1.06e-2
layers.1.post_attention_layernorm.weight: 7.77e-3
norm.weight: 4.45e-3
ok
test gpu_tiny_hidden_rows_external_grad_and_accumulation_are_tessls_own ... ok
test gpu_tiny_rows_step_matches_the_transformers_fixture ... loss 5.82468344 vs transformers 5.82468319
embed_tokens.weight: 4.55e-7
layers.0.linear_attn.in_proj_qkv.weight: 5.86e-7
layers.0.linear_attn.in_proj_z.weight: 1.51e-6
layers.0.linear_attn.in_proj_b.weight: 9.06e-7
layers.0.linear_attn.in_proj_a.weight: 1.08e-6
layers.0.linear_attn.out_proj.weight: 9.95e-7
layers.0.linear_attn.conv1d.weight: 3.27e-7
layers.0.linear_attn.A_log: 3.23e-7
layers.0.linear_attn.dt_bias: 5.27e-7
layers.0.linear_attn.norm.weight: 8.96e-7
layers.0.mlp.gate_proj.weight: 8.94e-7
layers.0.mlp.up_proj.weight: 7.75e-7
layers.0.mlp.down_proj.weight: 1.00e-6
layers.0.input_layernorm.weight: 9.80e-7
layers.0.post_attention_layernorm.weight: 1.12e-6
layers.1.self_attn.q_proj.weight: 1.95e-6
layers.1.self_attn.k_proj.weight: 1.95e-6
layers.1.self_attn.v_proj.weight: 8.12e-7
layers.1.self_attn.o_proj.weight: 6.85e-7
layers.1.self_attn.q_norm.weight: 2.36e-6
layers.1.self_attn.k_norm.weight: 3.09e-6
layers.1.mlp.gate_proj.weight: 1.05e-6
layers.1.mlp.up_proj.weight: 9.13e-7
layers.1.mlp.down_proj.weight: 8.90e-7
layers.1.input_layernorm.weight: 1.93e-6
layers.1.post_attention_layernorm.weight: 8.87e-7
norm.weight: 5.10e-7
worst gradient 3.09e-6
ok
test gpu_tiny_state_round_trip_is_bit_exact ... ok

test result: ok. 5 passed; 0 failed; 0 ignored; 0 measured; 2 filtered out; finished in 4.52s

