warning: function `replace_file` is never used
  --> ojas-io/src/replace.rs:19:15
   |
19 | pub(crate) fn replace_file(path: &Path, bytes: &[u8]) -> Result<(), IoError> {
   |               ^^^^^^^^^^^^
   |
   = note: `#[warn(dead_code)]` (part of `#[warn(unused)]`) on by default

warning: field `file_len` is never read
   --> ojas-io/src/safetensors.rs:551:5
    |
541 | pub struct SafeTensorsWriter<W: Write> {
    |            ----------------- field in this struct
...
551 |     file_len: u64,
    |     ^^^^^^^^

warning: associated items `new`, `file_len`, and `remaining` are never used
   --> ojas-io/src/safetensors.rs:557:12
    |
555 | impl<W: Write> SafeTensorsWriter<W> {
    | ----------------------------------- associated items in this implementation
556 |     /// Validate the layout and write the header to `out`.
557 |     pub fn new(
    |            ^^^
...
585 |     pub fn file_len(&self) -> u64 {
    |            ^^^^^^^^
...
590 |     pub fn remaining(&self) -> u64 {
    |            ^^^^^^^^^

warning: `ojas-io` (lib) generated 3 warnings
    Finished `release` profile [optimized] target(s) in 0.03s
     Running tests/gpu_parity.rs (/Users/bharath/Code/research/ojas/target/release/deps/gpu_parity-fc630c46e50ddac3)

running 1 test
test gpu_name_map_is_tessls_parameter_table ... ok

test result: ok. 1 passed; 0 failed; 0 ignored; 0 measured; 6 filtered out; finished in 0.05s

