   Compiling qd-train-metal v0.1.0 (/Users/bharath/Code/research/Lappi-decision/crates/qd-train-metal)
    Finished `release` profile [optimized] target(s) in 6.62s
     Running tests/gpu_rung_b.rs (target/release/deps/gpu_rung_b-d80db5d0ce07a8cf)

running 1 test
test gpu_rung_b_single_group_smoke_completes_finite_and_repeats_bit_for_bit ... single-group smoke vs the two-group torch fp32 reference (information only; not a parity measure):
  step  0: rust 8.846718790 fp32 8.846719742 rel 1.075e-7
  step  1: rust 12.002203865 fp32 11.998356819 rel 3.206e-4
  step  2: rust 6.452468210 fp32 6.455318928 rel 4.416e-4
  step  3: rust 12.408166505 fp32 12.395814896 rel 9.964e-4
  step  4: rust 8.422279876 fp32 8.419452667 rel 3.358e-4
  step  5: rust 15.570039906 fp32 15.572988510 rel 1.893e-4
  step  6: rust 8.125639033 fp32 8.127338409 rel 2.091e-4
  step  7: rust 15.942973957 fp32 15.926414490 rel 1.040e-3
  step  8: rust 8.945210514 fp32 8.942987442 rel 2.486e-4
  step  9: rust 14.019963746 fp32 14.001898766 rel 1.290e-3
  step 10: rust 2.181397334 fp32 2.174890041 rel 2.992e-3
  step 11: rust 12.669986878 fp32 12.673537254 rel 2.801e-4
  step 12: rust 4.536503226 fp32 4.529822350 rel 1.475e-3
  step 13: rust 21.094498241 fp32 21.079679489 rel 7.030e-4
  step 14: rust 7.455278039 fp32 7.455695152 rel 5.595e-5
  step 15: rust 7.157631049 fp32 7.181901932 rel 3.379e-3
  step 16: rust 9.144305901 fp32 9.152156830 rel 8.578e-4
  step 17: rust 9.375450613 fp32 9.373875618 rel 1.680e-4
  step 18: rust 3.781299664 fp32 3.775823593 rel 1.450e-3
  step 19: rust 13.308201177 fp32 13.318221092 rel 7.523e-4
  model.language_model.embed_tokens.weight: |rust-ref| 6.665e-6  /own max 6.691e-6  /displacement 7.162e-2  gated 6.691e-6
  model.language_model.layers.0.input_layernorm.weight: |rust-ref| 7.636e-5  /own max 8.766e-5  /displacement 8.998e0  gated 8.766e-5
  model.language_model.layers.0.linear_attn.A_log: |rust-ref| 3.299e-5  /own max 1.207e-4  /displacement 9.000e0  gated 1.207e-4
  model.language_model.layers.0.linear_attn.conv1d.weight: |rust-ref| 8.529e-5  /own max 3.872e-5  /displacement 8.861e0  gated 3.872e-5
  model.language_model.layers.0.linear_attn.dt_bias: |rust-ref| 3.397e-5  /own max 2.277e-5  /displacement 9.828e0  gated 2.277e-5
  model.language_model.layers.0.linear_attn.in_proj_a.weight: |rust-ref| 7.795e-5  /own max 3.382e-4  /displacement 8.973e0  gated 3.382e-4
  model.language_model.layers.0.linear_attn.in_proj_b.weight: |rust-ref| 8.868e-5  /own max 2.838e-4  /displacement 8.980e0  gated 2.838e-4
  model.language_model.layers.0.linear_attn.in_proj_qkv.weight: |rust-ref| 9.459e-5  /own max 1.834e-4  /displacement 8.991e0  gated 1.834e-4
  model.language_model.layers.0.linear_attn.in_proj_z.weight: |rust-ref| 8.985e-5  /own max 1.438e-4  /displacement 8.987e0  gated 1.438e-4
  model.language_model.layers.0.linear_attn.norm.weight: |rust-ref| 8.225e-5  /own max 4.558e-5  /displacement 9.452e0  gated 4.558e-5
  model.language_model.layers.0.linear_attn.out_proj.weight: |rust-ref| 9.029e-5  /own max 2.719e-4  /displacement 9.010e0  gated 2.719e-4
  model.language_model.layers.0.mlp.down_proj.weight: |rust-ref| 9.025e-5  /own max 2.800e-4  /displacement 8.966e0  gated 2.800e-4
  model.language_model.layers.0.mlp.gate_proj.weight: |rust-ref| 9.180e-5  /own max 1.741e-4  /displacement 8.994e0  gated 1.741e-4
  model.language_model.layers.0.mlp.up_proj.weight: |rust-ref| 9.038e-5  /own max 1.952e-4  /displacement 8.999e0  gated 1.952e-4
  model.language_model.layers.0.post_attention_layernorm.weight: |rust-ref| 6.919e-5  /own max 8.277e-5  /displacement 9.038e0  gated 8.277e-5
  model.language_model.layers.1.input_layernorm.weight: |rust-ref| 7.620e-5  /own max 7.772e-5  /displacement 9.017e0  gated 7.772e-5
  model.language_model.layers.1.linear_attn.A_log: |rust-ref| 2.379e-5  /own max 1.591e-3  /displacement 9.032e0  gated 1.591e-3
  model.language_model.layers.1.linear_attn.conv1d.weight: |rust-ref| 9.048e-5  /own max 5.014e-5  /displacement 8.996e0  gated 5.014e-5
  model.language_model.layers.1.linear_attn.dt_bias: |rust-ref| 2.551e-5  /own max 2.710e-5  /displacement 8.392e0  gated 2.710e-5
  model.language_model.layers.1.linear_attn.in_proj_a.weight: |rust-ref| 6.510e-5  /own max 2.267e-4  /displacement 8.989e0  gated 2.267e-4
  model.language_model.layers.1.linear_attn.in_proj_b.weight: |rust-ref| 6.329e-5  /own max 2.025e-4  /displacement 8.987e0  gated 2.025e-4
  model.language_model.layers.1.linear_attn.in_proj_qkv.weight: |rust-ref| 9.637e-5  /own max 1.801e-4  /displacement 8.988e0  gated 1.801e-4
  model.language_model.layers.1.linear_attn.in_proj_z.weight: |rust-ref| 8.789e-5  /own max 1.772e-4  /displacement 9.032e0  gated 1.772e-4
  model.language_model.layers.1.linear_attn.norm.weight: |rust-ref| 7.957e-5  /own max 4.316e-5  /displacement 9.020e0  gated 4.316e-5
  model.language_model.layers.1.linear_attn.out_proj.weight: |rust-ref| 8.646e-5  /own max 2.473e-4  /displacement 9.023e0  gated 2.473e-4
  model.language_model.layers.1.mlp.down_proj.weight: |rust-ref| 9.220e-5  /own max 2.914e-4  /displacement 9.004e0  gated 2.914e-4
  model.language_model.layers.1.mlp.gate_proj.weight: |rust-ref| 9.137e-5  /own max 1.759e-4  /displacement 8.997e0  gated 1.759e-4
  model.language_model.layers.1.mlp.up_proj.weight: |rust-ref| 9.322e-5  /own max 2.131e-4  /displacement 9.004e0  gated 2.131e-4
  model.language_model.layers.1.post_attention_layernorm.weight: |rust-ref| 8.482e-5  /own max 1.143e-4  /displacement 8.922e0  gated 1.143e-4
  model.language_model.layers.2.input_layernorm.weight: |rust-ref| 2.980e-7  /own max 4.287e-7  /displacement 3.356e-3  gated 4.287e-7
  model.language_model.layers.2.linear_attn.A_log: |rust-ref| 5.960e-8  /own max 1.705e-7  /displacement 8.861e-4  gated 1.705e-7
  model.language_model.layers.2.linear_attn.conv1d.weight: |rust-ref| 2.950e-6  /own max 1.649e-6  /displacement 3.187e-2  gated 1.649e-6
  model.language_model.layers.2.linear_attn.dt_bias: |rust-ref| 0.000e0  /own max 0.000e0  /displacement 0.000e0  gated 0.000e0
  model.language_model.layers.2.linear_attn.in_proj_a.weight: |rust-ref| 3.688e-7  /own max 1.021e-6  /displacement 4.706e-3  gated 1.021e-6
  model.language_model.layers.2.linear_attn.in_proj_b.weight: |rust-ref| 4.172e-7  /own max 1.504e-6  /displacement 3.908e-3  gated 1.504e-6
  model.language_model.layers.2.linear_attn.in_proj_qkv.weight: |rust-ref| 4.798e-6  /own max 9.377e-6  /displacement 4.820e-2  gated 9.377e-6
  model.language_model.layers.2.linear_attn.in_proj_z.weight: |rust-ref| 3.561e-6  /own max 6.161e-6  /displacement 3.534e-2  gated 6.161e-6
  model.language_model.layers.2.linear_attn.norm.weight: |rust-ref| 9.537e-7  /own max 5.449e-7  /displacement 1.201e-2  gated 5.449e-7
  model.language_model.layers.2.linear_attn.out_proj.weight: |rust-ref| 6.013e-6  /own max 1.822e-5  /displacement 6.108e-2  gated 1.822e-5
  model.language_model.layers.2.mlp.down_proj.weight: |rust-ref| 1.490e-6  /own max 4.360e-6  /displacement 1.468e-2  gated 4.360e-6
  model.language_model.layers.2.mlp.gate_proj.weight: |rust-ref| 1.576e-6  /own max 3.240e-6  /displacement 1.609e-2  gated 3.240e-6
  model.language_model.layers.2.mlp.up_proj.weight: |rust-ref| 1.341e-6  /own max 2.861e-6  /displacement 1.318e-2  gated 2.861e-6
  model.language_model.layers.2.post_attention_layernorm.weight: |rust-ref| 3.576e-7  /own max 4.844e-7  /displacement 4.573e-3  gated 4.844e-7
  model.language_model.layers.3.input_layernorm.weight: |rust-ref| 1.140e-6  /own max 1.191e-6  /displacement 1.425e-2  gated 1.191e-6
  model.language_model.layers.3.mlp.down_proj.weight: |rust-ref| 5.372e-6  /own max 1.463e-5  /displacement 5.363e-2  gated 1.463e-5
  model.language_model.layers.3.mlp.gate_proj.weight: |rust-ref| 1.311e-6  /own max 2.798e-6  /displacement 1.318e-2  gated 2.798e-6
  model.language_model.layers.3.mlp.up_proj.weight: |rust-ref| 1.159e-6  /own max 2.317e-6  /displacement 1.193e-2  gated 2.317e-6
  model.language_model.layers.3.post_attention_layernorm.weight: |rust-ref| 2.980e-7  /own max 4.102e-7  /displacement 3.729e-3  gated 4.102e-7
  model.language_model.layers.3.self_attn.k_norm.weight: |rust-ref| 5.960e-7  /own max 7.407e-7  /displacement 7.072e-3  gated 7.407e-7
  model.language_model.layers.3.self_attn.k_proj.weight: |rust-ref| 3.133e-6  /own max 5.854e-6  /displacement 2.960e-2  gated 5.854e-6
  model.language_model.layers.3.self_attn.o_proj.weight: |rust-ref| 2.742e-6  /own max 1.411e-5  /displacement 2.580e-2  gated 1.411e-5
  model.language_model.layers.3.self_attn.q_norm.weight: |rust-ref| 6.109e-7  /own max 7.413e-7  /displacement 7.329e-3  gated 7.413e-7
  model.language_model.layers.3.self_attn.q_proj.weight: |rust-ref| 5.900e-6  /own max 9.808e-6  /displacement 5.611e-2  gated 9.808e-6
  model.language_model.layers.3.self_attn.v_proj.weight: |rust-ref| 3.383e-6  /own max 7.041e-6  /displacement 3.221e-2  gated 7.041e-6
  model.language_model.norm.weight: |rust-ref| 3.725e-7  /own max 5.999e-7  /displacement 3.891e-3  gated 5.999e-7
  span_head.abstain_end: |rust-ref| 1.322e-7  /own max 2.148e-3  /displacement 2.148e-3  gated 1.057e-6
  span_head.abstain_start: |rust-ref| 2.529e-7  /own max 5.282e-3  /displacement 5.282e-3  gated 2.023e-6
  span_head.end_proj.weight: |rust-ref| 2.041e-6  /own max 1.634e-5  /displacement 2.936e-2  gated 1.633e-5
  span_head.start_proj.weight: |rust-ref| 6.221e-6  /own max 4.977e-5  /displacement 8.669e-2  gated 4.977e-5
  worst gated ratio 1.591e-3 on model.language_model.layers.1.linear_attn.A_log (a different recipe; no bar applies)
ok

test result: ok. 1 passed; 0 failed; 0 ignored; 0 measured; 5 filtered out; finished in 36.35s

