minhash: 271627 distinct sets signed by /Users/bharath/qd-campaign/target-replay-a502670/release/qd-prep in 48.1 s (shingling and canaries included), 615063 lookups, 8 canaries equal to the reference; 271737 distinct texts shingled once, 615063 lookups
lsh: 2 candidate-pair searches banded by /Users/bharath/qd-campaign/target-replay-a502670/release/qd-prep in 4.1 s (canaries included), 1252884 pairs, every canary equal to the reference; 0 handed to the reference (a negative bound or a banding wider than the signatures)
{
  "tool": "AUDIT/replay-v4-build-2026-10-02/gold_side_check.py",
  "lane_commit": "e571065cbb8042b9c84d4c0d6650706b9a765311",
  "lane_dirty": false,
  "corpus": {
    "rev": "881ab304f15ea13529002391dda8520c2ea47af4",
    "max_pairs": 400,
    "commitpackft": null,
    "defect_class": "commitpackft-composed-v1",
    "defect_max_rows": null,
    "repo_history": false,
    "general_record_sha256": "a0841f0d9990bbc0fa8c46ad559e0c33d2f1bedbd2b5e9e30454d4c1d6ba5555",
    "general_max_rows": 200000,
    "defect_noul_examples_sha256": "b194f14c75e1ac959f3658e0dda6a07ef4c41ff026a416a39dd526a9dfb13a5e"
  },
  "split_rows": {
    "train": 289142,
    "val": 16124,
    "heldout": 37705
  },
  "train_mc_rows": 23819,
  "train_mc_by_family": {
    "commonsense.multiple_choice": 9619,
    "knowledge.multiple_choice": 14200
  },
  "train_texts": 23819,
  "train_rows_too_short": 0,
  "train_rows_checked": 23819,
  "unrenderable_targets": {
    "val": 0,
    "heldout": 0
  },
  "hits_rows": {
    "val": 1196,
    "heldout": 0
  },
  "train_keys_with_a_pair_by_target": {
    "val": 1196,
    "heldout": 0
  },
  "train_keys_with_any_pair": 1196,
  "pairs_total": 65636,
  "pairs_by_target": {
    "val": 65636,
    "heldout": 0
  },
  "e_val_size": 215,
  "e_val_by_family_prefix": {
    "mmlu": 183,
    "csqa": 32
  },
  "e_val_keys_not_in_v4_val_shards": 0,
  "v4_val_index_sha256": "fc429a37afc9b9d02c785f17386445053b1996ede4a8c03f76a667a2da4b7f22",
  "heldout_target_rows_hit": 0,
  "pairs_sha256": "142d152f950eda15542c723480c05579493ee04c325cdedb03323928d0ec90ee",
  "e_val_sha256": "e933ea3010ba136f3a5cf6d007ac2642fddef43ef9d74c14ca4d9faebcecb45c",
  "cross_check_with_replay_hits": null,
  "wall_s": 160.9,
  "max_rss_bytes": 17377886208
}
